// Jest Snapshot v1, https://goo.gl/fbAQLP

exports[`Byline should render correctly for STY pages with name and title 1`] = `
.c1 {
  -webkit-align-items: center;
  -webkit-box-align: center;
  -ms-flex-align: center;
  align-items: center;
  display: -webkit-box;
  display: -webkit-flex;
  display: -ms-flexbox;
  display: flex;
}

.c2 {
  list-style: none;
  margin-top: 0;
  margin-bottom: 0;
  padding-right: 0;
  padding-left: 0;
  font-family: Helmet,Freesans,Helvetica,Arial,sans-serif;
  font-weight: 400;
  font-style: normal;
  font-size: 0.9375rem;
  line-height: 1.125rem;
}

.c3 {
  color: #3F3F42;
}

.c4 {
  color: #6E6E73;
}

@media (min-width:37.5rem) {
  .c2 {
    font-size: 0.875rem;
  }
}

@media (max-width:14.9375rem) {
  .c0 {
    padding: 0 0.5rem;
    margin-left: 0%;
  }
}

@media (min-width:15rem) and (max-width:24.9375rem) {
  .c0 {
    padding: 0 0.5rem;
    margin-left: 0%;
  }
}

@media (min-width:25rem) and (max-width:37.4375rem) {
  .c0 {
    padding: 0 1rem;
    margin-left: 0%;
  }
}

@media (min-width:37.5rem) and (max-width:62.9375rem) {
  .c0 {
    padding: 0 1rem;
    margin-left: 0%;
  }
}

@media (min-width:63rem) and (max-width:79.9375rem) {
  .c0 {
    margin-left: 20%;
  }
}

@media (min-width:80rem) {
  .c0 {
    margin-left: 40%;
  }
}

@supports (display:grid) {
  .c0 {
    display: block;
  }
}

<div
  class="c0"
  dir="ltr"
>
  <div
    class="c1"
  >
    <ul
      class="c2"
      role="list"
    >
      <li
        class="c3"
        role="listitem"
      >
        John Smith
      </li>
      <li
        class="c4"
        role="listitem"
      >
        Art Editor
      </li>
    </ul>
  </div>
</div>
`;
