// Jest Snapshot v1, https://goo.gl/fbAQLP

exports[`Most Watched Page Main should match snapshot for most watched page 1`] = `
.c0 {
  -webkit-box-flex: 1;
  -webkit-flex-grow: 1;
  -ms-flex-positive: 1;
  flex-grow: 1;
}

.c1 {
  margin: 0 0.5rem;
  padding-top: 0.5rem;
  padding-bottom: 2rem;
}

.c2 {
  font-size: 1.125rem;
  line-height: 1.375rem;
  font-family: Helmet,Freesans,Helvetica,Arial,sans-serif;
  font-weight: 400;
  font-style: normal;
  color: #6E6E73;
  margin: 0;
  padding-bottom: 1.5rem;
}

@supports (display:grid) {
  .c4 {
    display: grid;
    position: initial;
  }
}

@media (max-width:14.9375rem) {
  .c6 {
    width: calc(6/6*(100% - 6 * 0.5rem) + 5 * 0.5rem - 0%);
    margin: 0 0.25rem;
    margin-left: 0%;
    display: inline-block;
    vertical-align: top;
  }
}

@media (min-width:15rem) and (max-width:24.9375rem) {
  .c6 {
    width: calc(6/6*(100% - 6 * 0.5rem) + 5 * 0.5rem - 0%);
    margin: 0 0.25rem;
    margin-left: 0%;
    display: inline-block;
    vertical-align: top;
  }
}

@media (min-width:25rem) and (max-width:37.4375rem) {
  .c6 {
    width: calc(6/6*(100% - 6 * 0.5rem) + 5 * 0.5rem - 0%);
    margin: 0 0.25rem;
    margin-left: 0%;
    display: inline-block;
    vertical-align: top;
  }
}

@media (min-width:37.5rem) and (max-width:62.9375rem) {
  .c6 {
    width: calc(6/6*(100% - 6 * 1rem) + 5 * 1rem - 0%);
    margin: 0 0.5rem;
    margin-left: 0%;
    display: inline-block;
    vertical-align: top;
  }
}

@media (min-width:63rem) and (max-width:79.9375rem) {
  .c6 {
    width: calc(6/8*(100% - 8 * 1rem) + 5 * 1rem );
    margin: 0 0.5rem;
    margin-left: 0%;
    display: inline-block;
    vertical-align: top;
  }
}

@media (min-width:80rem) {
  .c6 {
    width: calc(11/20*(100% - 20 * 1rem) + 10 * 1rem );
    margin: 0 0.5rem;
    margin-left: 10%;
    display: inline-block;
    vertical-align: top;
  }
}

@supports (display:grid) {
  .c6 {
    display: block;
  }
}

@media (min-width:63rem) and (max-width:79.9375rem) {
  .c5 {
    margin: 0 auto;
    max-width: 63rem;
  }
}

@media (min-width:80rem) {
  .c5 {
    margin: 0 auto;
    max-width: 80rem;
  }
}

@media (min-width:25rem) {
  .c1 {
    margin: 0 1rem;
  }
}

@media (min-width:25rem) {
  .c1 {
    padding-top: 1rem;
  }
}

@media (max-width:37.4375rem) {
  .c1 {
    padding-bottom: 1.5rem;
  }
}

@media (min-width:37.5rem) {
  .c1 {
    padding-top: 0;
  }
}

@media (min-width:63rem) {
  .c1 {
    padding-bottom: 2.5rem;
  }
}

@media (min-width:20rem) and (max-width:37.4375rem) {
  .c2 {
    font-size: 1.25rem;
    line-height: 1.5rem;
  }
}

@media (min-width:37.5rem) {
  .c2 {
    font-size: 1.5rem;
    line-height: 1.75rem;
  }
}

@media (min-width:37.5rem) and (max-width:62.9375rem) {
  .c2 {
    padding: 1.5rem 0 0.5rem;
  }
}

@media (min-width:63rem) {
  .c2 {
    padding: 1.5rem 0 0;
  }
}

@media (min-width:80rem) {
  .c2 {
    width: 100%;
    margin: 0 auto;
    max-width: 80rem;
  }
}

@media (min-width:37.5rem) and (max-width:62.9375rem) {
  .c3 {
    margin-top: 1.5rem;
  }
}

@media (min-width:63rem) and (max-width:79.9375rem) {
  .c3 {
    margin-top: 2rem;
  }
}

@media (min-width:80rem) {
  .c3 {
    margin-top: 2rem;
  }
}

<main
  class="c0"
  data-e2e="most-watched"
  role="main"
>
  <div
    class="c1"
  >
    <h1
      class="c2"
      dir="ltr"
      id="content"
      tabindex="-1"
    >
      De one we dem don look
    </h1>
    <div
      class="c3"
    >
      <div
        class="c4 c5"
        dir="ltr"
      >
        <div
          class="c6"
          dir="ltr"
        >
          <div
            style="display: none;"
          >
            To be replaced with most watched content
          </div>
        </div>
      </div>
    </div>
  </div>
</main>
`;
