// Jest Snapshot v1, https://goo.gl/fbAQLP

exports[`ElectionBanner with oEmbed data should render correctly 1`] = `
.c0 {
  margin: 0 auto;
  width: 100%;
}

.c1 {
  margin-top: 0.5rem;
  margin-bottom: 1.5rem;
}

@media (min-width:63rem) {
  .c0 {
    max-width: 63rem;
  }
}

@media (min-width:37.5rem) {
  .c1 {
    margin-top: 2rem;
  }
}

@media (max-width:62.9375rem) {
  .c1 {
    padding-left: 1rem;
    padding-right: 1rem;
  }
}

<div
  class="c0"
  data-e2e="us-election-banner"
>
  <div
    class="c1"
  >
    <div>
      Hello
    </div>
  </div>
</div>
`;
