// Jest Snapshot v1, https://goo.gl/fbAQLP

exports[`withLoading HOC and no loading prop should return the passed in component 1`] = `
<h1>
  Hola
</h1>
`;

exports[`withLoading HOC and the loading prop set to true should return the loading component 1`] = `
.c2 {
  width: 100%;
}

.c0 {
  min-height: 100vh;
}

@supports (display:grid) {
  .c1 {
    display: grid;
    position: initial;
  }
}

@media (max-width:14.9375rem) {
  .c3 {
    padding: 0 0.5rem;
    margin-left: 0%;
  }
}

@media (min-width:15rem) and (max-width:24.9375rem) {
  .c3 {
    padding: 0 0.5rem;
    margin-left: 0%;
  }
}

@media (min-width:25rem) and (max-width:37.4375rem) {
  .c3 {
    padding: 0 1rem;
    margin-left: 0%;
  }
}

@media (min-width:37.5rem) and (max-width:62.9375rem) {
  .c3 {
    padding: 0 1rem;
    margin-left: 0%;
  }
}

@media (min-width:63rem) and (max-width:79.9375rem) {
  .c3 {
    margin-left: 20%;
  }
}

@media (min-width:80rem) {
  .c3 {
    margin-left: 40%;
  }
}

@supports (display:grid) {
  .c3 {
    display: block;
  }
}

@media (min-width:63rem) and (max-width:79.9375rem) {
  .c2 {
    margin: 0 auto;
    max-width: 63rem;
  }
}

@media (min-width:80rem) {
  .c2 {
    margin: 0 auto;
    max-width: 80rem;
  }
}

<main
  class="c0"
  role="main"
>
  <div
    class="c1 c2"
    dir="ltr"
  >
    <div
      class="c3"
      dir="ltr"
    />
  </div>
</main>
`;
