// Jest Snapshot v1, https://goo.gl/fbAQLP

exports[`CpsRelatedContent should render Story Feature components when given appropriate data 1`] = `
<DocumentFragment>
  .c12 {
  padding: 0.5rem 0 1rem;
}

.c12:last-child {
  border: none;
}

.c12:first-child {
  padding-top: 0;
}

.c12:last-child {
  padding-bottom: 0;
}

.c11 {
  list-style-type: none;
  margin: 0;
  padding: 0;
}

.c8 {
  display: -webkit-box;
  display: -webkit-flex;
  display: -ms-flexbox;
  display: flex;
  -webkit-flex-direction: column;
  -ms-flex-direction: column;
  flex-direction: column;
}

.c9 {
  display: -webkit-box;
  display: -webkit-flex;
  display: -ms-flexbox;
  display: flex;
  -webkit-flex-flow: row nowrap;
  -ms-flex-flow: row nowrap;
  flex-flow: row nowrap;
  -webkit-box-pack: justify;
  -webkit-justify-content: space-between;
  -ms-flex-pack: justify;
  justify-content: space-between;
  min-height: 2.75rem;
  -webkit-align-items: baseline;
  -webkit-box-align: baseline;
  -ms-flex-align: baseline;
  align-items: baseline;
}

.c10 {
  font-size: 1.125rem;
  line-height: 1.375rem;
  font-family: Helmet,Freesans,Helvetica,Arial,sans-serif;
  font-weight: 400;
  font-style: normal;
  background-color: #FDFDFD;
  margin: 1rem 0;
  padding-right: 0.5rem;
  display: -webkit-box;
  display: -webkit-flex;
  display: -ms-flexbox;
  display: flex;
  -webkit-align-items: center;
  -webkit-box-align: center;
  -ms-flex-align: center;
  align-items: center;
}

.c6 {
  border-top: 0.0625rem solid #AEAEB5;
  z-index: -1;
}

.c4 {
  position: relative;
  z-index: 0;
  color: #3F3F42;
  margin-top: 2rem;
}

.c7 {
  margin: 0;
  padding: 0;
}

.c1 {
  width: 100%;
}

.c3 {
  margin-bottom: 1rem;
  padding-bottom: 2rem;
}

.c5 {
  margin-top: 0;
}

.c14 {
  display: inline-block;
  vertical-align: top;
  position: relative;
  width: 33.33%;
}

.c18 {
  display: inline-block;
  vertical-align: top;
  width: 66.67%;
  padding: 0 0.5rem;
}

.c13 {
  position: relative;
}

.c15 {
  position: relative;
}

.c17 > * {
  height: 2rem;
  padding: 0.5rem 0.25rem;
}

.c21 {
  font-size: 0.875rem;
  line-height: 1.125rem;
  color: #6E6E73;
  display: block;
  font-family: Helmet,Freesans,Helvetica,Arial,sans-serif;
  font-weight: 400;
  font-style: normal;
}

.c16 {
  position: relative;
  height: 0;
  overflow: hidden;
  background-color: #ECEAE7;
  background-position: center center;
  background-repeat: no-repeat;
  background-size: 30%;
  padding-bottom: 56.25%;
  width: 100%;
  background-image: url(data:image/svg+xml;base64,PD94bWwgdmVyc2lvbj0iMS4wIiBlbmNvZGluZz0iVVRGLTgiPz48c3ZnIHdpZHRoPSI0NzkiIGhlaWdodD0iMTM2IiB4bWxucz0iaHR0cDovL3d3dy53My5vcmcvMjAwMC9zdmciPjxnIGZpbGw9Im5vbmUiIGZpbGwtcnVsZT0iZXZlbm9kZCI+PGcgZmlsbD0iI0Q1RDBDRCI+PGc+PHBhdGggZD0iTTQ0OS41NTYgOTEuNTUzbC0yLjMxIDEuNDFjLTExLjE2NyA2LjgxOC0yMy4zMTMgMTAuNDc0LTM0LjM0NiAxMC40Ny0yMy42MS0uMDktMzkuMTYzLTE0LjA4My0zOS4yMjctMzQuNDUzLjAzLTE5LjkxOCAxNi4yNy0zNC42NjMgMzguNjMzLTM0LjcxOCAxMS4zODcuMDEgMjEuNzAzIDIuOTU0IDMzLjk2MiA5LjY3MmwyLjI1MSAxLjI0di0xOC4xOWwtLjk2Mi0uMzc3Yy0xMy44MjQtNS40NTgtMjQuNTMtNy44OS0zNS4xMDMtNy44ODQtMTYuMzQ2LS4wMDYtMzAuNTMzIDUuMzk0LTQwLjYzNyAxNC41NTctMTAuMTA1IDkuMTYzLTE2LjEwNiAyMi4xMDItMTYuMDk5IDM2Ljk1My4wMDggMTAuMzQ4IDQuMjc5IDIyLjQ4IDEzLjQyIDMyLjEwNSA5LjEyMSA5LjYyOCAyMy4xNjUgMTYuNjQ4IDQyLjQzIDE2LjYzOWguMDYzYzE1Ljk4IDAgMjcuMDYyLTMuNTYzIDM3LjA3NC04LjQ5MmwuODUxLS40MTRWOTEuNTUzek0zMzQgMTM1LjY5N2gxNDQuMTk1VjBIMzM0djEzNS42OTd6Ii8+PHBhdGggZD0iTTI3Ni45MzcgODkuOTY4Yy4wNDEtMTIuMzMtOC4xNzEtMjEuNjk2LTIxLjMwOC0yNS4zIDMuNTQ0LTEuODA5IDYuMzUtNC4wMjMgOC40MDQtNi43MjcgMi43NS0zLjYyMiA0LjA2MS04LjA2NCA0LjA0Ni0xMy4yMzUuMDE1LTYuMzU5LTIuNDg2LTEyLjgzOS03Ljg1OC0xNy42ODctNS4zNzItNC44NDctMTMuNTI2LTcuOTk3LTI0LjY1NC03Ljk5MUgyMDQuODN2OTcuNzI4aDM2LjA3M2MxMi44NyAwIDIxLjkwNi0zLjQ4MiAyNy43MjItOC42NSA1LjgxOC01LjE1NSA4LjMyLTExLjkxIDguMzEyLTE4LjEzOHpNMTY3IDEzNS42OThoMTQ0LjE5N1YwSDE2N3YxMzUuNjk3eiIvPjxwYXRoIGQ9Ik0xMDkuOTM3IDg5Ljk2OGMuMDQxLTEyLjMzLTguMTcxLTIxLjY5Ni0yMS4zMDgtMjUuMyAzLjU0NC0xLjgwOSA2LjM1LTQuMDIzIDguNDA0LTYuNzI3IDIuNzUtMy42MjIgNC4wNjEtOC4wNjQgNC4wNDYtMTMuMjM1LjAxNS02LjM1OS0yLjQ4Ni0xMi44MzktNy44NTgtMTcuNjg3LTUuMzcyLTQuODQ3LTEzLjUyNi03Ljk5Ny0yNC42NTQtNy45OTFIMzcuODN2OTcuNzI4aDM2LjA3M2MxMi44NyAwIDIxLjkwNi0zLjQ4MiAyNy43MjItOC42NSA1LjgxOC01LjE1NSA4LjMyLTExLjkxIDguMzEyLTE4LjEzOHpNMCAxMzUuNjk4aDE0NC4xOTdWMEgwdjEzNS42OTd6Ii8+PHBhdGggZD0iTTI1OC42NjIgODguMTk4Yy0uMDEzIDMuMjI5LTEuMDA3IDYuNDc1LTMuODk2IDkuMDExLTIuODg0IDIuNTM3LTcuODczIDQuNDYzLTE2LjEzMyA0LjQ2M0gyMjJWNzVoMTUuODkzYzcuNDExIDAgMTIuNjcgMS41MDIgMTUuOTY1IDMuODUgMy4yODkgMi4zNjIgNC43NzYgNS40NjMgNC44MDQgOS4zNDgiLz48cGF0aCBkPSJNOTEuNjYyIDg4LjE5OGMtLjAxMyAzLjIyOS0xLjAwNyA2LjQ3NS0zLjg5NiA5LjAxMS0yLjg4NCAyLjUzNy03Ljg3NCA0LjQ2My0xNi4xMzMgNC40NjNINTVWNzVoMTUuODkyYzcuNDEyIDAgMTIuNjcyIDEuNTAyIDE1Ljk2NiAzLjg1IDMuMjg5IDIuMzYyIDQuNzc2IDUuNDYzIDQuODA0IDkuMzQ4Ii8+PHBhdGggZD0iTTI0NS4xODYgNTUuNzljMy4wOTYtMi4yMzcgNC41OS01LjM4NiA0LjYxMy0xMC4xMjQtLjAxNS0zLjI1LS45NDMtNi4wMzMtMy4yODEtOC4xMTEtMi4zNDYtMi4wNzgtNi4zMy0zLjU1NS0xMi43NTQtMy41NTVIMjIydjI1LjI3NWg4LjA3NmM2Ljk4OC4wMDQgMTEuOTk4LTEuMjQzIDE1LjExLTMuNDg2Ii8+PHBhdGggZD0iTTc4LjE4NiA1NS43OWMzLjA5Ni0yLjIzNyA0LjU5LTUuMzg2IDQuNjEzLTEwLjEyNC0uMDE1LTMuMjUtLjk0My02LjAzMy0zLjI4Mi04LjExMUM3Ny4xNzIgMzUuNDc3IDczLjE4OCAzNCA2Ni43NjQgMzRINTV2MjUuMjc1aDguMDc2YzYuOTg4LjAwNCAxMS45OTgtMS4yNDMgMTUuMTEtMy40ODYiLz48L2c+PC9nPjwvZz48L3N2Zz4K);
}

.c19 {
  color: #222222;
  margin: 0;
  padding-bottom: 0.5rem;
  font-family: Helmet,Freesans,Helvetica,Arial,sans-serif;
  font-weight: 700;
  font-style: normal;
  font-size: 0.9375rem;
  line-height: 1.25rem;
}

.c20 {
  position: static;
  color: #222222;
  -webkit-text-decoration: none;
  text-decoration: none;
  overflow-wrap: break-word;
  overflow-wrap: anywhere;
}

.c20:before {
  bottom: 0;
  content: '';
  left: 0;
  overflow: hidden;
  position: absolute;
  right: 0;
  top: 0;
  white-space: nowrap;
  z-index: 1;
}

.c20:hover,
.c20:focus {
  -webkit-text-decoration: underline;
  text-decoration: underline;
}

.c20:visited {
  color: #6E6E73;
}

@media (max-width:62.9375rem) {
  .c12 {
    border-bottom: 0.0625rem solid #F2F2F2;
  }
}

@media (min-width:37.5rem) {
  .c12 {
    padding: 1rem 0 1rem;
  }
}

@media (min-width:63rem) {
  .c12 {
    padding: 0 0 1.5rem;
  }
}

@media (min-width:37.5rem) and (max-width:62.9375rem) {
  .c12:first-child {
    padding-top: 1rem;
  }
}

@media (min-width:37.5rem) {
  .c9 {
    -webkit-align-items: stretch;
    -webkit-box-align: stretch;
    -ms-flex-align: stretch;
    align-items: stretch;
  }
}

@media (min-width:20rem) and (max-width:37.4375rem) {
  .c10 {
    font-size: 1.25rem;
    line-height: 1.5rem;
  }
}

@media (min-width:37.5rem) {
  .c10 {
    font-size: 1.5rem;
    line-height: 1.75rem;
  }
}

@media (min-width:37.5rem) {
  .c10 {
    margin: 0;
  }
}

@media (min-width:37.5rem) {
  .c10 {
    padding-right: 1rem;
  }
}

@media screen and (-ms-high-contrast:active) {
  .c6 {
    border-color: windowText;
  }
}

@media (min-width:37.5rem) {
  .c6 {
    position: absolute;
    left: 0;
    right: 0;
    top: 1.375rem;
  }
}

@media (min-width:37.5rem) {
  .c4 {
    margin-top: 1.5rem;
  }
}

@media (min-width:63rem) {
  .c4 {
    margin-bottom: 1.5rem;
  }
}

@supports (display:grid) {
  .c0 {
    display: grid;
    position: initial;
  }
}

@media (max-width:14.9375rem) {
  .c2 {
    padding: 0 0.5rem;
    margin-left: 0%;
  }
}

@media (min-width:15rem) and (max-width:24.9375rem) {
  .c2 {
    padding: 0 0.5rem;
    margin-left: 0%;
  }
}

@media (min-width:25rem) and (max-width:37.4375rem) {
  .c2 {
    padding: 0 1rem;
    margin-left: 0%;
  }
}

@media (min-width:37.5rem) and (max-width:62.9375rem) {
  .c2 {
    padding: 0 1rem;
    margin-left: 0%;
  }
}

@media (min-width:63rem) and (max-width:79.9375rem) {
  .c2 {
    margin-left: 16.666666666666668%;
  }
}

@media (min-width:80rem) {
  .c2 {
    margin-left: 33.333333333333336%;
  }
}

@supports (display:grid) {
  .c2 {
    display: block;
  }
}

@media (min-width:63rem) and (max-width:79.9375rem) {
  .c1 {
    margin: 0 auto;
    max-width: 63rem;
  }
}

@media (min-width:80rem) {
  .c1 {
    margin: 0 auto;
    max-width: 80rem;
  }
}

@media (min-width:37.5rem) {
  .c3 {
    margin-bottom: 1.5rem;
  }
}

@media (min-width:63rem) {
  .c14 {
    display: block;
    width: 100%;
  }
}

@supports (grid-template-columns:fit-content(200px)) {
  .c14 {
    width: initial;
    grid-column: 1 / span 2;
  }
}

@media (min-width:37.5rem) {
  .c18 {
    padding: 0 1rem;
  }
}

@media (min-width:63rem) {
  .c18 {
    display: block;
    width: 100%;
    padding: 0.5rem 0;
  }
}

@supports (grid-template-columns:fit-content(200px)) {
  .c18 {
    display: block;
    width: initial;
    padding: initial;
    grid-column: 3 / span 4;
  }
}

@supports (grid-template-columns:fit-content(200px)) {
  .c13 {
    display: grid;
    grid-template-columns: repeat(6,1fr);
    grid-column-gap: 0.5rem;
  }
}

@media (min-width:25rem) {
  .c17 {
    position: absolute;
    bottom: 0;
  }
}

@media (max-width:24.9375rem) {
  .c17 > * {
    height: 1.25rem;
    padding: 0.25rem 0.25rem 0;
  }
}

@media (min-width:20rem) and (max-width:37.4375rem) {
  .c21 {
    font-size: 0.875rem;
    line-height: 1.125rem;
  }
}

@media (min-width:37.5rem) {
  .c21 {
    font-size: 0.8125rem;
    line-height: 1rem;
  }
}

@media (min-width:20rem) and (max-width:37.4375rem) {
  .c19 {
    font-size: 1rem;
    line-height: 1.25rem;
  }
}

@media (min-width:37.5rem) {
  .c19 {
    font-size: 1rem;
    line-height: 1.25rem;
  }
}

<section
    aria-labelledby="features-analysis-heading"
    class="c0 c1"
    data-e2e="features-analysis-heading"
    dir="ltr"
    role="region"
  >
    <div
      class="c2 c3"
      dir="ltr"
    >
      <div
        class="c4 c5"
      >
        <div
          class="c6"
        />
        <h2
          class="c7"
        >
          <span
            class="c8"
          >
            <span
              class="c9"
            >
              <span
                class="c10"
                dir="ltr"
                id="features-analysis-heading"
              >
                Informate me
              </span>
            </span>
          </span>
        </h2>
      </div>
      <ul
        class="c11"
        role="list"
      >
        <li
          class="c12"
          role="listitem"
        >
          <div
            class="c13"
            data-e2e="story-promo"
          >
            <div
              class="c14"
              dir="ltr"
            >
              <div
                class="c15"
              >
                <div
                  class="c16"
                >
                  <div
                    class="lazyload-wrapper"
                  >
                    <div
                      class="lazyload-placeholder"
                    />
                  </div>
                </div>
                <div
                  class="c17"
                />
              </div>
            </div>
            <div
              class="c18"
              dir="ltr"
            >
              <h3
                class="c19"
              >
                <a
                  class="c20"
                  href="/igbo/afirika-23252735"
                >
                  STY - Ọrụ bekee na ịrụrụ onwe gị ọrụ, kedụ nk?
                </a>
              </h3>
              <time
                class="c21"
                datetime="2020-02-03"
              >
                3rd February 2020
              </time>
            </div>
          </div>
        </li>
        <li
          class="c12"
          role="listitem"
        >
          <div
            class="c13"
            data-e2e="story-promo"
          >
            <div
              class="c14"
              dir="ltr"
            >
              <div
                class="c15"
              >
                <div
                  class="c16"
                >
                  <div
                    class="lazyload-wrapper"
                  >
                    <div
                      class="lazyload-placeholder"
                    />
                  </div>
                </div>
                <div
                  class="c17"
                />
              </div>
            </div>
            <div
              class="c18"
              dir="ltr"
            >
              <h3
                class="c19"
              >
                <a
                  class="c20"
                  href="/igbo/afirika-49666505"
                >
                  Robert Mugabe: Zimbabwe eferela nwa amadi a aka
                </a>
              </h3>
              <time
                class="c21"
                datetime="2020-02-03"
              >
                3rd February 2020
              </time>
            </div>
          </div>
        </li>
      </ul>
    </div>
  </section>
</DocumentFragment>
`;

exports[`CpsRelatedContent should render Story Promo components without <ul> when given single item in collection 1`] = `
<DocumentFragment>
  .c8 {
  display: -webkit-box;
  display: -webkit-flex;
  display: -ms-flexbox;
  display: flex;
  -webkit-flex-direction: column;
  -ms-flex-direction: column;
  flex-direction: column;
}

.c9 {
  display: -webkit-box;
  display: -webkit-flex;
  display: -ms-flexbox;
  display: flex;
  -webkit-flex-flow: row nowrap;
  -ms-flex-flow: row nowrap;
  flex-flow: row nowrap;
  -webkit-box-pack: justify;
  -webkit-justify-content: space-between;
  -ms-flex-pack: justify;
  justify-content: space-between;
  min-height: 2.75rem;
  -webkit-align-items: baseline;
  -webkit-box-align: baseline;
  -ms-flex-align: baseline;
  align-items: baseline;
}

.c10 {
  font-size: 1.125rem;
  line-height: 1.375rem;
  font-family: Helmet,Freesans,Helvetica,Arial,sans-serif;
  font-weight: 400;
  font-style: normal;
  background-color: #FDFDFD;
  margin: 1rem 0;
  padding-right: 0.5rem;
  display: -webkit-box;
  display: -webkit-flex;
  display: -ms-flexbox;
  display: flex;
  -webkit-align-items: center;
  -webkit-box-align: center;
  -ms-flex-align: center;
  align-items: center;
}

.c6 {
  border-top: 0.0625rem solid #AEAEB5;
  z-index: -1;
}

.c4 {
  position: relative;
  z-index: 0;
  color: #3F3F42;
  margin-top: 2rem;
}

.c7 {
  margin: 0;
  padding: 0;
}

.c1 {
  width: 100%;
}

.c3 {
  margin-bottom: 1rem;
  padding-bottom: 2rem;
}

.c5 {
  margin-top: 0;
}

.c13 {
  display: inline-block;
  vertical-align: top;
  position: relative;
  width: 33.33%;
}

.c17 {
  display: inline-block;
  vertical-align: top;
  width: 66.67%;
  padding: 0 0.5rem;
}

.c12 {
  position: relative;
}

.c14 {
  position: relative;
}

.c16 > * {
  height: 2rem;
  padding: 0.5rem 0.25rem;
}

.c20 {
  font-size: 0.9375rem;
  line-height: 1.125rem;
  font-family: Helmet,Freesans,Helvetica,Arial,sans-serif;
  font-weight: 400;
  font-style: normal;
  color: #3F3F42;
  margin: 0;
  padding-bottom: 0.5rem;
}

.c21 {
  font-size: 0.875rem;
  line-height: 1.125rem;
  color: #6E6E73;
  display: block;
  font-family: Helmet,Freesans,Helvetica,Arial,sans-serif;
  font-weight: 400;
  font-style: normal;
}

.c15 {
  position: relative;
  height: 0;
  overflow: hidden;
  background-color: #ECEAE7;
  background-position: center center;
  background-repeat: no-repeat;
  background-size: 30%;
  padding-bottom: 56.25%;
  width: 100%;
  background-image: url(data:image/svg+xml;base64,PD94bWwgdmVyc2lvbj0iMS4wIiBlbmNvZGluZz0iVVRGLTgiPz48c3ZnIHdpZHRoPSI0NzkiIGhlaWdodD0iMTM2IiB4bWxucz0iaHR0cDovL3d3dy53My5vcmcvMjAwMC9zdmciPjxnIGZpbGw9Im5vbmUiIGZpbGwtcnVsZT0iZXZlbm9kZCI+PGcgZmlsbD0iI0Q1RDBDRCI+PGc+PHBhdGggZD0iTTQ0OS41NTYgOTEuNTUzbC0yLjMxIDEuNDFjLTExLjE2NyA2LjgxOC0yMy4zMTMgMTAuNDc0LTM0LjM0NiAxMC40Ny0yMy42MS0uMDktMzkuMTYzLTE0LjA4My0zOS4yMjctMzQuNDUzLjAzLTE5LjkxOCAxNi4yNy0zNC42NjMgMzguNjMzLTM0LjcxOCAxMS4zODcuMDEgMjEuNzAzIDIuOTU0IDMzLjk2MiA5LjY3MmwyLjI1MSAxLjI0di0xOC4xOWwtLjk2Mi0uMzc3Yy0xMy44MjQtNS40NTgtMjQuNTMtNy44OS0zNS4xMDMtNy44ODQtMTYuMzQ2LS4wMDYtMzAuNTMzIDUuMzk0LTQwLjYzNyAxNC41NTctMTAuMTA1IDkuMTYzLTE2LjEwNiAyMi4xMDItMTYuMDk5IDM2Ljk1My4wMDggMTAuMzQ4IDQuMjc5IDIyLjQ4IDEzLjQyIDMyLjEwNSA5LjEyMSA5LjYyOCAyMy4xNjUgMTYuNjQ4IDQyLjQzIDE2LjYzOWguMDYzYzE1Ljk4IDAgMjcuMDYyLTMuNTYzIDM3LjA3NC04LjQ5MmwuODUxLS40MTRWOTEuNTUzek0zMzQgMTM1LjY5N2gxNDQuMTk1VjBIMzM0djEzNS42OTd6Ii8+PHBhdGggZD0iTTI3Ni45MzcgODkuOTY4Yy4wNDEtMTIuMzMtOC4xNzEtMjEuNjk2LTIxLjMwOC0yNS4zIDMuNTQ0LTEuODA5IDYuMzUtNC4wMjMgOC40MDQtNi43MjcgMi43NS0zLjYyMiA0LjA2MS04LjA2NCA0LjA0Ni0xMy4yMzUuMDE1LTYuMzU5LTIuNDg2LTEyLjgzOS03Ljg1OC0xNy42ODctNS4zNzItNC44NDctMTMuNTI2LTcuOTk3LTI0LjY1NC03Ljk5MUgyMDQuODN2OTcuNzI4aDM2LjA3M2MxMi44NyAwIDIxLjkwNi0zLjQ4MiAyNy43MjItOC42NSA1LjgxOC01LjE1NSA4LjMyLTExLjkxIDguMzEyLTE4LjEzOHpNMTY3IDEzNS42OThoMTQ0LjE5N1YwSDE2N3YxMzUuNjk3eiIvPjxwYXRoIGQ9Ik0xMDkuOTM3IDg5Ljk2OGMuMDQxLTEyLjMzLTguMTcxLTIxLjY5Ni0yMS4zMDgtMjUuMyAzLjU0NC0xLjgwOSA2LjM1LTQuMDIzIDguNDA0LTYuNzI3IDIuNzUtMy42MjIgNC4wNjEtOC4wNjQgNC4wNDYtMTMuMjM1LjAxNS02LjM1OS0yLjQ4Ni0xMi44MzktNy44NTgtMTcuNjg3LTUuMzcyLTQuODQ3LTEzLjUyNi03Ljk5Ny0yNC42NTQtNy45OTFIMzcuODN2OTcuNzI4aDM2LjA3M2MxMi44NyAwIDIxLjkwNi0zLjQ4MiAyNy43MjItOC42NSA1LjgxOC01LjE1NSA4LjMyLTExLjkxIDguMzEyLTE4LjEzOHpNMCAxMzUuNjk4aDE0NC4xOTdWMEgwdjEzNS42OTd6Ii8+PHBhdGggZD0iTTI1OC42NjIgODguMTk4Yy0uMDEzIDMuMjI5LTEuMDA3IDYuNDc1LTMuODk2IDkuMDExLTIuODg0IDIuNTM3LTcuODczIDQuNDYzLTE2LjEzMyA0LjQ2M0gyMjJWNzVoMTUuODkzYzcuNDExIDAgMTIuNjcgMS41MDIgMTUuOTY1IDMuODUgMy4yODkgMi4zNjIgNC43NzYgNS40NjMgNC44MDQgOS4zNDgiLz48cGF0aCBkPSJNOTEuNjYyIDg4LjE5OGMtLjAxMyAzLjIyOS0xLjAwNyA2LjQ3NS0zLjg5NiA5LjAxMS0yLjg4NCAyLjUzNy03Ljg3NCA0LjQ2My0xNi4xMzMgNC40NjNINTVWNzVoMTUuODkyYzcuNDEyIDAgMTIuNjcyIDEuNTAyIDE1Ljk2NiAzLjg1IDMuMjg5IDIuMzYyIDQuNzc2IDUuNDYzIDQuODA0IDkuMzQ4Ii8+PHBhdGggZD0iTTI0NS4xODYgNTUuNzljMy4wOTYtMi4yMzcgNC41OS01LjM4NiA0LjYxMy0xMC4xMjQtLjAxNS0zLjI1LS45NDMtNi4wMzMtMy4yODEtOC4xMTEtMi4zNDYtMi4wNzgtNi4zMy0zLjU1NS0xMi43NTQtMy41NTVIMjIydjI1LjI3NWg4LjA3NmM2Ljk4OC4wMDQgMTEuOTk4LTEuMjQzIDE1LjExLTMuNDg2Ii8+PHBhdGggZD0iTTc4LjE4NiA1NS43OWMzLjA5Ni0yLjIzNyA0LjU5LTUuMzg2IDQuNjEzLTEwLjEyNC0uMDE1LTMuMjUtLjk0My02LjAzMy0zLjI4Mi04LjExMUM3Ny4xNzIgMzUuNDc3IDczLjE4OCAzNCA2Ni43NjQgMzRINTV2MjUuMjc1aDguMDc2YzYuOTg4LjAwNCAxMS45OTgtMS4yNDMgMTUuMTEtMy40ODYiLz48L2c+PC9nPjwvZz48L3N2Zz4K);
}

.c18 {
  color: #222222;
  margin: 0;
  padding-bottom: 0.5rem;
  font-family: Helmet,Freesans,Helvetica,Arial,sans-serif;
  font-weight: 700;
  font-style: normal;
  font-size: 0.9375rem;
  line-height: 1.25rem;
}

.c19 {
  position: static;
  color: #222222;
  -webkit-text-decoration: none;
  text-decoration: none;
  overflow-wrap: break-word;
  overflow-wrap: anywhere;
}

.c19:before {
  bottom: 0;
  content: '';
  left: 0;
  overflow: hidden;
  position: absolute;
  right: 0;
  top: 0;
  white-space: nowrap;
  z-index: 1;
}

.c19:hover,
.c19:focus {
  -webkit-text-decoration: underline;
  text-decoration: underline;
}

.c19:visited {
  color: #6E6E73;
}

@media (min-width:37.5rem) {
  .c9 {
    -webkit-align-items: stretch;
    -webkit-box-align: stretch;
    -ms-flex-align: stretch;
    align-items: stretch;
  }
}

@media (min-width:20rem) and (max-width:37.4375rem) {
  .c10 {
    font-size: 1.25rem;
    line-height: 1.5rem;
  }
}

@media (min-width:37.5rem) {
  .c10 {
    font-size: 1.5rem;
    line-height: 1.75rem;
  }
}

@media (min-width:37.5rem) {
  .c10 {
    margin: 0;
  }
}

@media (min-width:37.5rem) {
  .c10 {
    padding-right: 1rem;
  }
}

@media screen and (-ms-high-contrast:active) {
  .c6 {
    border-color: windowText;
  }
}

@media (min-width:37.5rem) {
  .c6 {
    position: absolute;
    left: 0;
    right: 0;
    top: 1.375rem;
  }
}

@media (min-width:37.5rem) {
  .c4 {
    margin-top: 1.5rem;
  }
}

@media (min-width:63rem) {
  .c4 {
    margin-bottom: 1.5rem;
  }
}

@supports (display:grid) {
  .c0 {
    display: grid;
    position: initial;
  }
}

@media (max-width:14.9375rem) {
  .c2 {
    padding: 0 0.5rem;
    margin-left: 0%;
  }
}

@media (min-width:15rem) and (max-width:24.9375rem) {
  .c2 {
    padding: 0 0.5rem;
    margin-left: 0%;
  }
}

@media (min-width:25rem) and (max-width:37.4375rem) {
  .c2 {
    padding: 0 1rem;
    margin-left: 0%;
  }
}

@media (min-width:37.5rem) and (max-width:62.9375rem) {
  .c2 {
    padding: 0 1rem;
    margin-left: 0%;
  }
}

@media (min-width:63rem) and (max-width:79.9375rem) {
  .c2 {
    margin-left: 16.666666666666668%;
  }
}

@media (min-width:80rem) {
  .c2 {
    margin-left: 33.333333333333336%;
  }
}

@supports (display:grid) {
  .c2 {
    display: block;
  }
}

@media (min-width:63rem) and (max-width:79.9375rem) {
  .c1 {
    margin: 0 auto;
    max-width: 63rem;
  }
}

@media (min-width:80rem) {
  .c1 {
    margin: 0 auto;
    max-width: 80rem;
  }
}

@media (min-width:37.5rem) {
  .c3 {
    margin-bottom: 1.5rem;
  }
}

@media (min-width:37.5rem) and (max-width:62.9375rem) {
  .c11 {
    padding-top: 1rem;
  }
}

@media (min-width:63rem) {
  .c11 {
    padding-bottom: 1.5rem;
  }
}

@media (min-width:63rem) {
  .c13 {
    display: block;
    width: 100%;
  }
}

@supports (grid-template-columns:fit-content(200px)) {
  .c13 {
    width: initial;
    grid-column: 1 / span 2;
  }
}

@media (min-width:37.5rem) {
  .c17 {
    padding: 0 1rem;
  }
}

@media (min-width:63rem) {
  .c17 {
    display: block;
    width: 100%;
    padding: 0.5rem 0;
  }
}

@supports (grid-template-columns:fit-content(200px)) {
  .c17 {
    display: block;
    width: initial;
    padding: initial;
    grid-column: 3 / span 4;
  }
}

@supports (grid-template-columns:fit-content(200px)) {
  .c12 {
    display: grid;
    grid-template-columns: repeat(6,1fr);
    grid-column-gap: 0.5rem;
  }
}

@media (min-width:25rem) {
  .c16 {
    position: absolute;
    bottom: 0;
  }
}

@media (max-width:24.9375rem) {
  .c16 > * {
    height: 1.25rem;
    padding: 0.25rem 0.25rem 0;
  }
}

@media (min-width:20rem) and (max-width:37.4375rem) {
  .c20 {
    font-size: 0.9375rem;
    line-height: 1.125rem;
  }
}

@media (min-width:37.5rem) {
  .c20 {
    font-size: 0.875rem;
    line-height: 1.125rem;
  }
}

@media (max-width:37.4375rem) {
  .c20 {
    display: none;
    visibility: hidden;
  }
}

@media (min-width:63rem) {
  .c20 {
    display: none;
    visibility: hidden;
  }
}

@media (min-width:20rem) and (max-width:37.4375rem) {
  .c21 {
    font-size: 0.875rem;
    line-height: 1.125rem;
  }
}

@media (min-width:37.5rem) {
  .c21 {
    font-size: 0.8125rem;
    line-height: 1rem;
  }
}

@media (min-width:20rem) and (max-width:37.4375rem) {
  .c18 {
    font-size: 1rem;
    line-height: 1.25rem;
  }
}

@media (min-width:37.5rem) {
  .c18 {
    font-size: 1rem;
    line-height: 1.25rem;
  }
}

<section
    aria-labelledby="features-analysis-heading"
    class="c0 c1"
    data-e2e="features-analysis-heading"
    dir="ltr"
    role="region"
  >
    <div
      class="c2 c3"
      dir="ltr"
    >
      <div
        class="c4 c5"
      >
        <div
          class="c6"
        />
        <h2
          class="c7"
        >
          <span
            class="c8"
          >
            <span
              class="c9"
            >
              <span
                class="c10"
                dir="ltr"
                id="features-analysis-heading"
              >
                Informate me
              </span>
            </span>
          </span>
        </h2>
      </div>
      <div
        class="c11"
      >
        <div
          class="c12"
          data-e2e="story-promo"
        >
          <div
            class="c13"
            dir="ltr"
          >
            <div
              class="c14"
            >
              <div
                class="c15"
              >
                <div
                  class="lazyload-wrapper"
                >
                  <div
                    class="lazyload-placeholder"
                  />
                </div>
              </div>
              <div
                class="c16"
              />
            </div>
          </div>
          <div
            class="c17"
            dir="ltr"
          >
            <h3
              class="c18"
            >
              <a
                class="c19"
                href="/igbo/afirika-23252735"
              >
                STY - Ọrụ bekee na ịrụrụ onwe gị ọrụ, kedụ nk?
              </a>
            </h3>
            <p
              class="c20"
            >
              This is a test asset used in Simorgh, please do not edit it without asking.
            </p>
            <time
              class="c21"
              datetime="2020-02-03"
            >
              3rd February 2020
            </time>
          </div>
        </div>
      </div>
    </div>
  </section>
</DocumentFragment>
`;
